// Jest Snapshot v1, https://goo.gl/fbAQLP

exports[`renders correctly 1`] = `
<div
  className="calculator-wrapper"
>
  <div
    className="calculator-welcome"
  >
    <h2>
      Let\`s do some math!
    </h2>
    <img
      alt="math"
      className="calc-image"
      src="https://img.freepik.com/premium-vector/realistic-math-chalkboard-background_23-2148154055.jpg?w=1380"
    />
  </div>
  <div
    className="calculator-container"
  >
    <div
      className="cal-input"
    >
      <p>
         
         
      </p>
    </div>
    <div
      className="grid-container"
    >
      <div
        className="grid-item1"
      >
        <button
          className="button"
          onClick={[Function]}
          type="button"
        >
          AC
        </button>
      </div>
      <div
        className="grid-item2"
      >
        <button
          className="button"
          onClick={[Function]}
          type="button"
        >
          +/-
        </button>
      </div>
      <div
        className="grid-item3"
      >
        <button
          className="button"
          onClick={[Function]}
          type="button"
        >
          %
        </button>
      </div>
      <div
        className="grid-item4"
        id="right-side"
      >
        <button
          className="button"
          onClick={[Function]}
          type="button"
        >
          รท
        </button>
      </div>
      <div
        className="grid-item5"
      >
        <button
          className="button"
          onClick={[Function]}
          type="button"
        >
          7
        </button>
      </div>
      <div
        className="grid-item6"
      >
        <button
          className="button"
          onClick={[Function]}
          type="button"
        >
          8
        </button>
      </div>
      <div
        className="grid-item7"
      >
        <button
          className="button"
          onClick={[Function]}
          type="button"
        >
          9
        </button>
      </div>
      <div
        className="grid-item8"
        id="right-side"
      >
        <button
          className="button"
          onClick={[Function]}
          type="button"
        >
          x
        </button>
      </div>
      <div
        className="grid-item9"
      >
        <button
          className="button"
          onClick={[Function]}
          type="button"
        >
          4
        </button>
      </div>
      <div
        className="grid-item10"
      >
        <button
          className="button"
          onClick={[Function]}
          type="button"
        >
          5
        </button>
      </div>
      <div
        className="grid-item11"
      >
        <button
          className="button"
          onClick={[Function]}
          type="button"
        >
          6
        </button>
      </div>
      <div
        className="grid-item12"
        id="right-side"
      >
        <button
          className="button"
          onClick={[Function]}
          type="button"
        >
          -
        </button>
      </div>
      <div
        className="grid-item13"
      >
        <button
          className="button"
          onClick={[Function]}
          type="button"
        >
          1
        </button>
      </div>
      <div
        className="grid-item14"
      >
        <button
          className="button"
          onClick={[Function]}
          type="button"
        >
          2
        </button>
      </div>
      <div
        className="grid-item15"
      >
        <button
          className="button"
          onClick={[Function]}
          type="button"
        >
          3
        </button>
      </div>
      <div
        className="grid-item16"
        id="right-side"
      >
        <button
          className="button"
          onClick={[Function]}
          type="button"
        >
          +
        </button>
      </div>
      <div
        className="grid-item17"
      >
        <button
          className="button"
          onClick={[Function]}
          type="button"
        >
          0
        </button>
      </div>
      <div
        className="grid-item18"
      >
        <button
          className="button"
          onClick={[Function]}
          type="button"
        >
          .
        </button>
      </div>
      <div
        className="grid-item19"
        id="right-side"
      >
        <button
          className="button"
          onClick={[Function]}
          type="button"
        >
          =
        </button>
      </div>
    </div>
  </div>
</div>
`;
